To honour the JVM settings for this build a single-use Daemon process will be forked. For more on this, please refer to https://docs.gradle.org/8.14.3/userguide/gradle_daemon.html#sec:disabling_the_daemon in the Gradle documentation.
Daemon will be stopped at the end of the build 
> Task :clean

> Task :compileJava
Note: Some input files use or override a deprecated API.
Note: Recompile with -Xlint:deprecation for details.
Note: /Users/sewonkim/IdeaProjects/Workspace/buildup/BU-Server/src/main/java/com/concrete/buildup/domain/contract/repository/ContractRepositoryImpl.java uses unchecked or unsafe operations.
Note: Recompile with -Xlint:unchecked for details.

> Task :processResources
> Task :classes

> Task :compileTestJava
/Users/sewonkim/IdeaProjects/Workspace/buildup/BU-Server/src/test/java/com/concrete/buildup/BuildupApplicationTests.java:20: warning: [removal] MockBean in org.springframework.boot.test.mock.mockito has been deprecated and marked for removal
	@MockBean
	 ^
/Users/sewonkim/IdeaProjects/Workspace/buildup/BU-Server/src/test/java/com/concrete/buildup/domain/attendance/repository/AttendanceRecordRepositoryTest.java:40: warning: [removal] MockBean in org.springframework.boot.test.mock.mockito has been deprecated and marked for removal
    @MockBean
     ^
/Users/sewonkim/IdeaProjects/Workspace/buildup/BU-Server/src/test/java/com/concrete/buildup/domain/auth/repository/EmployeeRepositoryTest.java:42: warning: [removal] MockBean in org.springframework.boot.test.mock.mockito has been deprecated and marked for removal
    @MockBean
     ^
/Users/sewonkim/IdeaProjects/Workspace/buildup/BU-Server/src/test/java/com/concrete/buildup/domain/auth/integration/AuthIntegrationTest.java:97: warning: [removal] MockBean in org.springframework.boot.test.mock.mockito has been deprecated and marked for removal
    @MockBean
     ^
/Users/sewonkim/IdeaProjects/Workspace/buildup/BU-Server/src/test/java/com/concrete/buildup/domain/auth/controller/AuthControllerTest.java:34: warning: [removal] MockBean in org.springframework.boot.test.mock.mockito has been deprecated and marked for removal
    @MockBean
     ^
/Users/sewonkim/IdeaProjects/Workspace/buildup/BU-Server/src/test/java/com/concrete/buildup/domain/auth/controller/AuthControllerTest.java:37: warning: [removal] MockBean in org.springframework.boot.test.mock.mockito has been deprecated and marked for removal
    @MockBean
     ^
/Users/sewonkim/IdeaProjects/Workspace/buildup/BU-Server/src/test/java/com/concrete/buildup/domain/payroll/controller/PayrollControllerTest.java:43: warning: [removal] MockBean in org.springframework.boot.test.mock.mockito has been deprecated and marked for removal
    @MockBean
     ^
/Users/sewonkim/IdeaProjects/Workspace/buildup/BU-Server/src/test/java/com/concrete/buildup/domain/payroll/controller/PayrollControllerTest.java:46: warning: [removal] MockBean in org.springframework.boot.test.mock.mockito has been deprecated and marked for removal
    @MockBean
     ^
/Users/sewonkim/IdeaProjects/Workspace/buildup/BU-Server/src/test/java/com/concrete/buildup/domain/upload/controller/UploadControllerTest.java:45: warning: [removal] MockBean in org.springframework.boot.test.mock.mockito has been deprecated and marked for removal
    @MockBean
     ^
/Users/sewonkim/IdeaProjects/Workspace/buildup/BU-Server/src/test/java/com/concrete/buildup/domain/upload/controller/UploadControllerTest.java:48: warning: [removal] MockBean in org.springframework.boot.test.mock.mockito has been deprecated and marked for removal
    @MockBean
     ^
Note: Some input files use or override a deprecated API.
Note: Recompile with -Xlint:deprecation for details.
Note: /Users/sewonkim/IdeaProjects/Workspace/buildup/BU-Server/src/test/java/com/concrete/buildup/domain/upload/service/S3ServiceTest.java uses unchecked or unsafe operations.
Note: Recompile with -Xlint:unchecked for details.
10 warnings

> Task :processTestResources
> Task :testClasses
OpenJDK 64-Bit Server VM warning: Sharing is only supported for boot loader classes because bootstrap classpath has been appended
2025-11-19T18:40:37.005+09:00 DEBUG 32321 --- [buildup-test] [ionShutdownHook] o.s.w.c.s.GenericWebApplicationContext   : Closing org.springframework.web.context.support.GenericWebApplicationContext@7fd8c559, started on Wed Nov 19 18:40:22 KST 2025
2025-11-19T18:40:37.013+09:00  INFO 32321 --- [buildup-test] [ionShutdownHook] j.LocalContainerEntityManagerFactoryBean : Closing JPA EntityManagerFactory for persistence unit 'default'
2025-11-19T18:40:37.014+09:00 DEBUG 32321 --- [buildup-test] [ionShutdownHook] org.hibernate.SQL                        : 
    drop table if exists attendance_records cascade 
Hibernate: 
    drop table if exists attendance_records cascade 
2025-11-19T18:40:37.014+09:00 DEBUG 32321 --- [buildup-test] [ionShutdownHook] org.hibernate.SQL                        : 
    drop table if exists attendances cascade 
Hibernate: 
    drop table if exists attendances cascade 
2025-11-19T18:40:37.014+09:00 DEBUG 32321 --- [buildup-test] [ionShutdownHook] org.hibernate.SQL                        : 
    drop table if exists contract_details cascade 
Hibernate: 
    drop table if exists contract_details cascade 
2025-11-19T18:40:37.014+09:00 DEBUG 32321 --- [buildup-test] [ionShutdownHook] org.hibernate.SQL                        : 
    drop table if exists contract_sign_logs cascade 
Hibernate: 
    drop table if exists contract_sign_logs cascade 
2025-11-19T18:40:37.015+09:00 DEBUG 32321 --- [buildup-test] [ionShutdownHook] org.hibernate.SQL                        : 
    drop table if exists contracts cascade 
Hibernate: 
    drop table if exists contracts cascade 
2025-11-19T18:40:37.015+09:00 DEBUG 32321 --- [buildup-test] [ionShutdownHook] org.hibernate.SQL                        : 
    drop table if exists corporations cascade 
Hibernate: 
    drop table if exists corporations cascade 
2025-11-19T18:40:37.015+09:00 DEBUG 32321 --- [buildup-test] [ionShutdownHook] org.hibernate.SQL                        : 
    drop table if exists employees cascade 
Hibernate: 
    drop table if exists employees cascade 
2025-11-19T18:40:37.015+09:00 DEBUG 32321 --- [buildup-test] [ionShutdownHook] org.hibernate.SQL                        : 
    drop table if exists managers cascade 
Hibernate: 
    drop table if exists managers cascade 
2025-11-19T18:40:37.015+09:00 DEBUG 32321 --- [buildup-test] [ionShutdownHook] org.hibernate.SQL                        : 
    drop table if exists payrolls cascade 
Hibernate: 
    drop table if exists payrolls cascade 
2025-11-19T18:40:37.015+09:00 DEBUG 32321 --- [buildup-test] [ionShutdownHook] org.hibernate.SQL                        : 
    drop table if exists payslip_items cascade 
Hibernate: 
    drop table if exists payslip_items cascade 
2025-11-19T18:40:37.015+09:00 DEBUG 32321 --- [buildup-test] [ionShutdownHook] org.hibernate.SQL                        : 
    drop table if exists roles cascade 
Hibernate: 
    drop table if exists roles cascade 
2025-11-19T18:40:37.015+09:00 DEBUG 32321 --- [buildup-test] [ionShutdownHook] org.hibernate.SQL                        : 
    drop table if exists signing_sessions cascade 
Hibernate: 
    drop table if exists signing_sessions cascade 
2025-11-19T18:40:37.015+09:00 DEBUG 32321 --- [buildup-test] [ionShutdownHook] org.hibernate.SQL                        : 
    drop table if exists sites cascade 
Hibernate: 
    drop table if exists sites cascade 
2025-11-19T18:40:37.016+09:00 DEBUG 32321 --- [buildup-test] [ionShutdownHook] org.hibernate.SQL                        : 
    drop table if exists temporary_registrations cascade 
Hibernate: 
    drop table if exists temporary_registrations cascade 
2025-11-19T18:40:37.016+09:00 DEBUG 32321 --- [buildup-test] [ionShutdownHook] org.hibernate.SQL                        : 
    drop table if exists users cascade 
Hibernate: 
    drop table if exists users cascade 
2025-11-19T18:40:37.017+09:00  INFO 32321 --- [buildup-test] [ionShutdownHook] com.zaxxer.hikari.HikariDataSource       : HikariPool-1 - Shutdown initiated...
2025-11-19T18:40:37.018+09:00  INFO 32321 --- [buildup-test] [ionShutdownHook] com.zaxxer.hikari.HikariDataSource       : HikariPool-1 - Shutdown completed.
2025-11-19T18:40:37.019+09:00  INFO 32321 --- [buildup-test] [ionShutdownHook] j.LocalContainerEntityManagerFactoryBean : Closing JPA EntityManagerFactory for persistence unit 'default'
2025-11-19T18:40:37.019+09:00 DEBUG 32321 --- [buildup-test] [ionShutdownHook] org.hibernate.SQL                        : 
    drop table if exists attendance_records cascade 
Hibernate: 
    drop table if exists attendance_records cascade 
2025-11-19T18:40:37.020+09:00 DEBUG 32321 --- [buildup-test] [ionShutdownHook] org.hibernate.SQL                        : 
    drop table if exists attendances cascade 
Hibernate: 
    drop table if exists attendances cascade 
2025-11-19T18:40:37.020+09:00 DEBUG 32321 --- [buildup-test] [ionShutdownHook] org.hibernate.SQL                        : 
    drop table if exists contract_details cascade 
Hibernate: 
    drop table if exists contract_details cascade 
2025-11-19T18:40:37.020+09:00 DEBUG 32321 --- [buildup-test] [ionShutdownHook] org.hibernate.SQL                        : 
    drop table if exists contract_sign_logs cascade 
Hibernate: 
    drop table if exists contract_sign_logs cascade 
2025-11-19T18:40:37.020+09:00 DEBUG 32321 --- [buildup-test] [ionShutdownHook] org.hibernate.SQL                        : 
    drop table if exists contracts cascade 
Hibernate: 
    drop table if exists contracts cascade 
2025-11-19T18:40:37.020+09:00 DEBUG 32321 --- [buildup-test] [ionShutdownHook] org.hibernate.SQL                        : 
    drop table if exists corporations cascade 
Hibernate: 
    drop table if exists corporations cascade 
2025-11-19T18:40:37.021+09:00 DEBUG 32321 --- [buildup-test] [ionShutdownHook] org.hibernate.SQL                        : 
    drop table if exists employees cascade 
Hibernate: 
    drop table if exists employees cascade 
2025-11-19T18:40:37.021+09:00 DEBUG 32321 --- [buildup-test] [ionShutdownHook] org.hibernate.SQL                        : 
    drop table if exists managers cascade 
Hibernate: 
    drop table if exists managers cascade 
2025-11-19T18:40:37.021+09:00 DEBUG 32321 --- [buildup-test] [ionShutdownHook] org.hibernate.SQL                        : 
    drop table if exists payrolls cascade 
Hibernate: 
    drop table if exists payrolls cascade 
2025-11-19T18:40:37.021+09:00 DEBUG 32321 --- [buildup-test] [ionShutdownHook] org.hibernate.SQL                        : 
    drop table if exists payslip_items cascade 
Hibernate: 
    drop table if exists payslip_items cascade 
2025-11-19T18:40:37.021+09:00 DEBUG 32321 --- [buildup-test] [ionShutdownHook] org.hibernate.SQL                        : 
    drop table if exists roles cascade 
Hibernate: 
    drop table if exists roles cascade 
2025-11-19T18:40:37.022+09:00 DEBUG 32321 --- [buildup-test] [ionShutdownHook] org.hibernate.SQL                        : 
    drop table if exists signing_sessions cascade 
Hibernate: 
    drop table if exists signing_sessions cascade 
2025-11-19T18:40:37.022+09:00 DEBUG 32321 --- [buildup-test] [ionShutdownHook] org.hibernate.SQL                        : 
    drop table if exists sites cascade 
Hibernate: 
    drop table if exists sites cascade 
2025-11-19T18:40:37.022+09:00 DEBUG 32321 --- [buildup-test] [ionShutdownHook] org.hibernate.SQL                        : 
    drop table if exists temporary_registrations cascade 
Hibernate: 
    drop table if exists temporary_registrations cascade 
2025-11-19T18:40:37.022+09:00 DEBUG 32321 --- [buildup-test] [ionShutdownHook] org.hibernate.SQL                        : 
    drop table if exists users cascade 
Hibernate: 
    drop table if exists users cascade 
2025-11-19T18:40:37.022+09:00 DEBUG 32321 --- [buildup-test] [ionShutdownHook] o.s.w.c.s.GenericWebApplicationContext   : Closing org.springframework.web.context.support.GenericWebApplicationContext@20cfcd3, started on Wed Nov 19 18:40:28 KST 2025
2025-11-19T18:40:37.023+09:00 DEBUG 32321 --- [buildup-test] [ionShutdownHook] o.s.w.c.s.GenericWebApplicationContext   : Closing org.springframework.web.context.support.GenericWebApplicationContext@411675ac, started on Wed Nov 19 18:40:28 KST 2025
2025-11-19T18:40:37.026+09:00  INFO 32321 --- [buildup-test] [ionShutdownHook] j.LocalContainerEntityManagerFactoryBean : Closing JPA EntityManagerFactory for persistence unit 'default'
2025-11-19T18:40:37.026+09:00 DEBUG 32321 --- [buildup-test] [ionShutdownHook] org.hibernate.SQL                        : 
    drop table if exists attendance_records cascade 
Hibernate: 
    drop table if exists attendance_records cascade 
2025-11-19T18:40:37.026+09:00 DEBUG 32321 --- [buildup-test] [ionShutdownHook] org.hibernate.SQL                        : 
    drop table if exists attendances cascade 
Hibernate: 
    drop table if exists attendances cascade 
2025-11-19T18:40:37.026+09:00 DEBUG 32321 --- [buildup-test] [ionShutdownHook] org.hibernate.SQL                        : 
    drop table if exists contract_details cascade 
Hibernate: 
    drop table if exists contract_details cascade 
2025-11-19T18:40:37.026+09:00 DEBUG 32321 --- [buildup-test] [ionShutdownHook] org.hibernate.SQL                        : 
    drop table if exists contract_sign_logs cascade 
Hibernate: 
    drop table if exists contract_sign_logs cascade 
2025-11-19T18:40:37.026+09:00 DEBUG 32321 --- [buildup-test] [ionShutdownHook] org.hibernate.SQL                        : 
    drop table if exists contracts cascade 
Hibernate: 
    drop table if exists contracts cascade 
2025-11-19T18:40:37.026+09:00 DEBUG 32321 --- [buildup-test] [ionShutdownHook] org.hibernate.SQL                        : 
    drop table if exists corporations cascade 
Hibernate: 
    drop table if exists corporations cascade 
2025-11-19T18:40:37.026+09:00 DEBUG 32321 --- [buildup-test] [ionShutdownHook] org.hibernate.SQL                        : 
    drop table if exists employees cascade 
Hibernate: 
    drop table if exists employees cascade 
2025-11-19T18:40:37.026+09:00 DEBUG 32321 --- [buildup-test] [ionShutdownHook] org.hibernate.SQL                        : 
    drop table if exists managers cascade 
Hibernate: 
    drop table if exists managers cascade 
2025-11-19T18:40:37.026+09:00 DEBUG 32321 --- [buildup-test] [ionShutdownHook] org.hibernate.SQL                        : 
    drop table if exists payrolls cascade 
Hibernate: 
    drop table if exists payrolls cascade 
2025-11-19T18:40:37.026+09:00 DEBUG 32321 --- [buildup-test] [ionShutdownHook] org.hibernate.SQL                        : 
    drop table if exists payslip_items cascade 
Hibernate: 
    drop table if exists payslip_items cascade 
2025-11-19T18:40:37.026+09:00 DEBUG 32321 --- [buildup-test] [ionShutdownHook] org.hibernate.SQL                        : 
    drop table if exists roles cascade 
Hibernate: 
    drop table if exists roles cascade 
2025-11-19T18:40:37.026+09:00 DEBUG 32321 --- [buildup-test] [ionShutdownHook] org.hibernate.SQL                        : 
    drop table if exists signing_sessions cascade 
Hibernate: 
    drop table if exists signing_sessions cascade 
2025-11-19T18:40:37.026+09:00 DEBUG 32321 --- [buildup-test] [ionShutdownHook] org.hibernate.SQL                        : 
    drop table if exists sites cascade 
Hibernate: 
    drop table if exists sites cascade 
2025-11-19T18:40:37.026+09:00 DEBUG 32321 --- [buildup-test] [ionShutdownHook] org.hibernate.SQL                        : 
    drop table if exists temporary_registrations cascade 
Hibernate: 
    drop table if exists temporary_registrations cascade 
2025-11-19T18:40:37.026+09:00 DEBUG 32321 --- [buildup-test] [ionShutdownHook] org.hibernate.SQL                        : 
    drop table if exists users cascade 
Hibernate: 
    drop table if exists users cascade 
2025-11-19T18:40:37.027+09:00  INFO 32321 --- [buildup-test] [ionShutdownHook] com.zaxxer.hikari.HikariDataSource       : HikariPool-2 - Shutdown initiated...
2025-11-19T18:40:37.028+09:00  INFO 32321 --- [buildup-test] [ionShutdownHook] com.zaxxer.hikari.HikariDataSource       : HikariPool-2 - Shutdown completed.
2025-11-19T18:40:37.028+09:00  INFO 32321 --- [buildup-test] [ionShutdownHook] j.LocalContainerEntityManagerFactoryBean : Closing JPA EntityManagerFactory for persistence unit 'default'
2025-11-19T18:40:37.028+09:00 DEBUG 32321 --- [buildup-test] [ionShutdownHook] org.hibernate.SQL                        : 
    drop table if exists attendance_records cascade 
Hibernate: 
    drop table if exists attendance_records cascade 
2025-11-19T18:40:37.028+09:00 DEBUG 32321 --- [buildup-test] [ionShutdownHook] org.hibernate.SQL                        : 
    drop table if exists attendances cascade 
Hibernate: 
    drop table if exists attendances cascade 
2025-11-19T18:40:37.028+09:00 DEBUG 32321 --- [buildup-test] [ionShutdownHook] org.hibernate.SQL                        : 
    drop table if exists contract_details cascade 
Hibernate: 
    drop table if exists contract_details cascade 
2025-11-19T18:40:37.029+09:00 DEBUG 32321 --- [buildup-test] [ionShutdownHook] org.hibernate.SQL                        : 
    drop table if exists contract_sign_logs cascade 
Hibernate: 
    drop table if exists contract_sign_logs cascade 
2025-11-19T18:40:37.029+09:00 DEBUG 32321 --- [buildup-test] [ionShutdownHook] org.hibernate.SQL                        : 
    drop table if exists contracts cascade 
Hibernate: 
    drop table if exists contracts cascade 
2025-11-19T18:40:37.029+09:00 DEBUG 32321 --- [buildup-test] [ionShutdownHook] org.hibernate.SQL                        : 
    drop table if exists corporations cascade 
Hibernate: 
    drop table if exists corporations cascade 
2025-11-19T18:40:37.029+09:00 DEBUG 32321 --- [buildup-test] [ionShutdownHook] org.hibernate.SQL                        : 
    drop table if exists employees cascade 
Hibernate: 
    drop table if exists employees cascade 
2025-11-19T18:40:37.029+09:00 DEBUG 32321 --- [buildup-test] [ionShutdownHook] org.hibernate.SQL                        : 
    drop table if exists managers cascade 
Hibernate: 
    drop table if exists managers cascade 
2025-11-19T18:40:37.029+09:00 DEBUG 32321 --- [buildup-test] [ionShutdownHook] org.hibernate.SQL                        : 
    drop table if exists payrolls cascade 
Hibernate: 
    drop table if exists payrolls cascade 
2025-11-19T18:40:37.029+09:00 DEBUG 32321 --- [buildup-test] [ionShutdownHook] org.hibernate.SQL                        : 
    drop table if exists payslip_items cascade 
Hibernate: 
    drop table if exists payslip_items cascade 
2025-11-19T18:40:37.029+09:00 DEBUG 32321 --- [buildup-test] [ionShutdownHook] org.hibernate.SQL                        : 
    drop table if exists roles cascade 
Hibernate: 
    drop table if exists roles cascade 
2025-11-19T18:40:37.029+09:00 DEBUG 32321 --- [buildup-test] [ionShutdownHook] org.hibernate.SQL                        : 
    drop table if exists signing_sessions cascade 
Hibernate: 
    drop table if exists signing_sessions cascade 
2025-11-19T18:40:37.029+09:00 DEBUG 32321 --- [buildup-test] [ionShutdownHook] org.hibernate.SQL                        : 
    drop table if exists sites cascade 
Hibernate: 
    drop table if exists sites cascade 
2025-11-19T18:40:37.029+09:00 DEBUG 32321 --- [buildup-test] [ionShutdownHook] org.hibernate.SQL                        : 
    drop table if exists temporary_registrations cascade 
Hibernate: 
    drop table if exists temporary_registrations cascade 
2025-11-19T18:40:37.030+09:00 DEBUG 32321 --- [buildup-test] [ionShutdownHook] org.hibernate.SQL                        : 
    drop table if exists users cascade 
Hibernate: 
    drop table if exists users cascade 
2025-11-19T18:40:37.030+09:00 DEBUG 32321 --- [buildup-test] [ionShutdownHook] o.s.w.c.s.GenericWebApplicationContext   : Closing org.springframework.web.context.support.GenericWebApplicationContext@28d87447, started on Wed Nov 19 18:40:30 KST 2025
2025-11-19T18:40:37.030+09:00 DEBUG 32321 --- [buildup-test] [ionShutdownHook] o.s.w.c.s.GenericWebApplicationContext   : Closing org.springframework.web.context.support.GenericWebApplicationContext@4ee78234, started on Wed Nov 19 18:40:36 KST 2025
> Task :test

[Incubating] Problems report is available at: file:///Users/sewonkim/IdeaProjects/Workspace/buildup/BU-Server/build/reports/problems/problems-report.html

BUILD SUCCESSFUL in 24s
6 actionable tasks: 6 executed
